// Vitest Snapshot v1, https://vitest.dev/guide/snapshot.html

exports[`Card > should match snapshot with all subcomponents 1`] = `
<div
  class="rounded-lg border bg-card text-card-foreground shadow-sm"
>
  <div
    class="flex flex-col space-y-1.5 p-6"
  >
    <div
      class="text-2xl font-semibold leading-none tracking-tight"
    >
      Test Title
    </div>
    <div
      class="text-sm text-muted-foreground"
    >
      Test Description
    </div>
  </div>
  <div
    class="p-6 pt-0"
  >
    Test Content
  </div>
  <div
    class="flex items-center p-6 pt-0"
  >
    Test Footer
  </div>
</div>
`;
