// Vitest Snapshot v1, https://vitest.dev/guide/snapshot.html

exports[`Progress > should match snapshot 1`] = `
<div
  aria-valuemax="100"
  aria-valuemin="0"
  class="relative h-4 w-full overflow-hidden rounded-full bg-shades-violet-2"
  data-max="100"
  data-state="indeterminate"
  role="progressbar"
>
  <div
    class="h-full w-full flex-1 rounded-full transition-all"
    data-max="100"
    data-state="indeterminate"
    style="width: 50%;"
  />
</div>
`;
